// Vitest Snapshot v1, https://vitest.dev/guide/snapshot.html

exports[`clean trackers A 1`] = `
"udp://open.demonii.com:1337/announce

udp://opentracker.i2p.rocks:6969/announce

udp://tracker.bitsearch.to:1337/announce

udp://tracker.openbittorrent.com:6969/announce

udp://tracker.torrent.eu.org:451/announce"
`;
