// Vitest Snapshot v1, https://vitest.dev/guide/snapshot.html

exports[`isolate lines A 1`] = `
[
  "ab-cd",
  "http://ubuntu.com:80/announce",
  "udp://9.7zip.t0:2750xyz",
  "xyz",
]
`;
