// Vitest Snapshot v1, https://vitest.dev/guide/snapshot.html

exports[`replaceAndCheckById A 1`] = `
"<svg viewBox=\\"0 0 388 240\\" xmlns=\\"http://www.w3.org/2000/svg\\" xmlns:xlink=\\"http://www.w3.org/1999/xlink\\" xmlns:xhtml=\\"http://www.w3.org/1999/xhtml\\">
<defs>
  <linearGradient gradientUnits=\\"userSpaceOnUse\\" x1=\\"200\\" y1=\\"150\\" x2=\\"200\\" y2=\\"200\\" id=\\"triangle-gradient\\" >
    <stop offset=\\"0\\" style=\\"stop-color: #ffffff\\"/>
    <stop offset=\\"1\\" style=\\"stop-color: #ffffff30\\"/>
  </linearGradient>
</defs>
<rect width=\\"388\\" height=\\"240\\" style=\\"fill: rgb(14, 17, 23);\\">
  <title>github-background</title>
</rect>
<g  transform=\\"matrix(0.9, 0, 0, 0.9, 19, 14)\\">
  <title>header</title>
  <path d=\\"M 99.658 101.782 C 99.658 96.029 Z\\" style=\\"fill: rgb(229, 229, 229);\\">
    <title>github-logo</title>
  </path>
  <text style=\\"fill: rgb(229, 229, 229); font-family: Arial, sans-serif; font-size: 33px\\" x=\\"182\\" y=\\"92\\">
    <title>plus</title>+
  </text>
  <path d=\\"M 236.122 30 L 308 Z\\" style=\\"fill: rgb(229, 229, 229);\\">
    <title>typescript-logo</title>
  </path>
</g>
<foreignObject x=\\"0\\" y=\\"150\\" width=\\"100%\\" height=\\"30\\" style=\\"font-size: 28px; color: white; text-align: center; font-family: Arial;\\">
  <xhtml:div id=\\"projectScope\\" style=\\"display: inline-block;\\">Shuunen</xhtml:div>
  <xhtml:div> / </xhtml:div>
  <xhtml:div id=\\"projectName\\" style=\\"display: inline-block; font-weight: 700;\\">My project name</xhtml:div>
</foreignObject>
<foreignObject id=\\"projectDescription\\" x=\\"0\\" y=\\"190\\" width=\\"100%\\" height=\\"20\\" style=\\"font-size: 16px; color: white; text-align: center; font-family: Arial; letter-spacing: 0.5px;\\">The description is kind of pretty !</foreignObject>
<path d=\\"M 388.377 -3.102 173.477\\" fill=\\"none\\" stroke-width=\\"1.5\\" style=\\"stroke: rgb(255, 255, 255); visibility: hidden;\\">
  <title>triangle-guides</title>
</path>
</svg>"
`;
